// Jest Snapshot v1, https://goo.gl/fbAQLP

exports[`ProfileScene renders correctly 1`] = `
<View
  style={
    Object {
      "flex": 1,
    }
  }
>
  <View
    style={
      Object {
        "alignItems": "center",
        "backgroundColor": "gray",
        "bottom": 0,
        "justifyContent": "center",
        "left": 0,
        "opacity": 0.5,
        "position": "absolute",
        "right": 0,
        "top": 0,
      }
    }
  >
    <ActivityIndicator
      animating={true}
      color="white"
      hidesWhenStopped={true}
      size="small"
    />
  </View>
</View>
`;
